// Jest Snapshot v1, https://goo.gl/fbAQLP

exports[`Displays Releases for and Artist Should be the releases from an Artist 1`] = `
<section>
  <li
    key="ID1"
  >
    <div>
      title1
      , 
      somedate
      <img
        src="http://coverartarchive.org/release/ID1/front"
      />
    </div>
  </li>
  <li
    key="ID2"
  >
    <div>
      title2
      , 
      somedate
      <img
        src="http://coverartarchive.org/release/ID2/front"
      />
    </div>
  </li>
  <li
    key="ID3"
  >
    <div>
      title3
      , 
      somedate
      <img
        src="http://coverartarchive.org/release/ID3/front"
      />
    </div>
  </li>
</section>
`;
