// Jest Snapshot v1, https://goo.gl/fbAQLP

exports[`Search Artists snap shot tests should be a list of artists 1`] = `
<Fragment>
  <form
    onSubmit={[Function]}
  >
    <input
      onChange={[Function]}
      type="text"
    />
  </form>
  <ul>
    <li
      key="1"
    >
      <Link
        to="/artist 1/1"
      >
        <div>
          artist 1
        </div>
      </Link>
    </li>
    <li
      key="2"
    >
      <Link
        to="/artist 2/2"
      >
        <div>
          artist 2
        </div>
      </Link>
    </li>
    <li
      key="3"
    >
      <Link
        to="/artist 3/3"
      >
        <div>
          artist 3
        </div>
      </Link>
    </li>
  </ul>
</Fragment>
`;
